// Jest Snapshot v1, https://goo.gl/fbAQLP

exports[`<Base /> should render menu, foote and children 1`] = `
.c1 {
  max-width: 130rem;
  margin-left: auto;
  margin-right: auto;
  padding-left: calc(3.2rem / 2);
  padding-right: calc(3.2rem / 2);
}

.c0 {
  display: -webkit-box;
  display: -webkit-flex;
  display: -ms-flexbox;
  display: flex;
  -webkit-flex-direction: column;
  -ms-flex-direction: column;
  flex-direction: column;
  -webkit-box-pack: justify;
  -webkit-justify-content: space-between;
  -ms-flex-pack: justify;
  justify-content: space-between;
  height: 100vh;
}

.c2 {
  margin-left: unset;
  margin-right: unset;
}

.c3 {
  margin-top: 4.0rem;
  -webkit-flex: 1 0 auto;
  -ms-flex: 1 0 auto;
  flex: 1 0 auto;
}

.c4 {
  margin-top: 4.0rem;
  padding-bottom: 1.6rem;
  padding-top: 5.6rem;
  background-color: #FAFAFA;
  -webkit-clip-path: polygon(0 5%,100% 0%,100% 100%,0 100%);
  clip-path: polygon(0 5%,100% 0%,100% 100%,0 100%);
}

@media (min-width:768px) {
  .c4 {
    padding-top: calc(5.6rem * 2);
    -webkit-clip-path: polygon(0 15%,100% 0%,100% 100%,0 100%);
    clip-path: polygon(0 15%,100% 0%,100% 100%,0 100%);
  }
}

<div
  class="c0"
>
  <div
    class="c1 c2"
  >
    <div
      data-testid="Mock Menu"
    />
  </div>
  <div
    class="c3"
  >
    <h1>
      Heading
    </h1>
  </div>
  <section
    class="c4"
  >
    <div
      class="c1"
    >
      <div
        data-testid="Mock Footer"
      />
    </div>
  </section>
</div>
`;
